# dotfiles
+ .bash_profile
+ .bashrc
+ .editorconfig
+ .gauth
+ .gitattributes
+ .gitconfig
+ .gitignore
+ .hushlogin
+ .inputrc
+ .stCommitMsg
+ .screenrc
+ .tmux.conf
+ .vimrc
+ .wgetrc
+ .zshrc

# exclude
- .DS_Store
- .gitignore

# atom
+ .atom/

# bin
+ bin/

# config
+ .config
- .config/cmm
+ .config/**

# vscode
+ Library/
+ Library/Application Support/
+ Library/Application Support/Code/
+ Library/Application Support/Code/User/
- Library/Application Support/Code/User/workspaceStorage/
+ Library/Application Support/Code/User/**

# sublime text 3
+ Library/
+ Library/Application Support/
+ Library/Application Support/Sublime Text 3/
+ Library/Application Support/Sublime Text 3/Packages/
+ Library/Application Support/Sublime Text 3/Packages/User/
+ Library/Application Support/Sublime Text 3/Packages/User/*.sublime-*
+ Library/Application Support/Sublime Text 3/Packages/User/*.py
+ Library/Application Support/Sublime Text 3/Packages/User/Snippets/
+ Library/Application Support/Sublime Text 3/Packages/User/Snippets/**

# taskpaper
+ Library/Containers/
+ Library/Containers/com.hogbaysoftware.TaskPaper3/
+ Library/Containers/com.hogbaysoftware.TaskPaper3/Data/
+ Library/Containers/com.hogbaysoftware.TaskPaper3/Data/Library/
+ Library/Containers/com.hogbaysoftware.TaskPaper3/Data/Library/Application Support/
+ Library/Containers/com.hogbaysoftware.TaskPaper3/Data/Library/Application Support/TaskPaper/
- Library/Containers/com.hogbaysoftware.TaskPaper3/Data/Library/Application Support/TaskPaper/Receipts/
+ Library/Containers/com.hogbaysoftware.TaskPaper3/Data/Library/Application Support/TaskPaper/**

# nothing else from Library should come along
- Library/**

# exclude home dirs and files
- */
- /*
